// Jest Snapshot v1, https://goo.gl/fbAQLP

exports[`ForecastDetails renders correctly 1`] = `
<DocumentFragment>
  <div
    class="forecast-details"
  >
    <div
      class="forecast-details__date"
    >
       Thu Jan 01 1970 
    </div>
    <div
      class="forecast-details__humidity"
    >
       76% 
    </div>
    <div
      class="forecast-details__windspeed"
    >
       15 
    </div>
    <div
      class="forecast-details__temperature"
    >
      22Â°C
    </div>
    <div
      class="forecast-details__direction"
    >
      Stub direction
    </div>
  </div>
</DocumentFragment>
`;
